---
source: src/tests/e2e/cases.rs
assertion_line: 239
expression: last_snapshot
---
 Zellij 
┌──────┐
│$ █   │
│      │
│      │
│      │
│      │
│      │
│      │
│      │
│      │
│      │
│      │
│      │
│      │
│      │
│      │
│      │
└──────┘
...     
