---
source: zellij-utils/src/input/./unit/theme_test.rs
expression: "format!(\"{:#?}\", theme)"
---
{
    "dracula": Theme {
        sourced_from_external_file: true,
        palette: Styling {
            text_unselected: StyleDeclaration {
                base: Rgb(
                    (
                        255,
                        255,
                        255,
                    ),
                ),
                background: Rgb(
                    (
                        0,
                        0,
                        0,
                    ),
                ),
                emphasis_0: Rgb(
                    (
                        255,
                        184,
                        108,
                    ),
                ),
                emphasis_1: Rgb(
                    (
                        139,
                        233,
                        253,
                    ),
                ),
                emphasis_2: Rgb(
                    (
                        80,
                        250,
                        123,
                    ),
                ),
                emphasis_3: Rgb(
                    (
                        255,
                        121,
                        198,
                    ),
                ),
            },
            text_selected: StyleDeclaration {
                base: Rgb(
                    (
                        255,
                        255,
                        255,
                    ),
                ),
                background: Rgb(
                    (
                        40,
                        42,
                        54,
                    ),
                ),
                emphasis_0: Rgb(
                    (
                        255,
                        184,
                        108,
                    ),
                ),
                emphasis_1: Rgb(
                    (
                        139,
                        233,
                        253,
                    ),
                ),
                emphasis_2: Rgb(
                    (
                        80,
                        250,
                        123,
                    ),
                ),
                emphasis_3: Rgb(
                    (
                        255,
                        121,
                        198,
                    ),
                ),
            },
            ribbon_unselected: StyleDeclaration {
                base: Rgb(
                    (
                        0,
                        0,
                        0,
                    ),
                ),
                background: Rgb(
                    (
                        248,
                        248,
                        242,
                    ),
                ),
                emphasis_0: Rgb(
                    (
                        255,
                        85,
                        85,
                    ),
                ),
                emphasis_1: Rgb(
                    (
                        255,
                        255,
                        255,
                    ),
                ),
                emphasis_2: Rgb(
                    (
                        98,
                        114,
                        164,
                    ),
                ),
                emphasis_3: Rgb(
                    (
                        255,
                        121,
                        198,
                    ),
                ),
            },
            ribbon_selected: StyleDeclaration {
                base: Rgb(
                    (
                        0,
                        0,
                        0,
                    ),
                ),
                background: Rgb(
                    (
                        80,
                        250,
                        123,
                    ),
                ),
                emphasis_0: Rgb(
                    (
                        255,
                        85,
                        85,
                    ),
                ),
                emphasis_1: Rgb(
                    (
                        255,
                        184,
                        108,
                    ),
                ),
                emphasis_2: Rgb(
                    (
                        255,
                        121,
                        198,
                    ),
                ),
                emphasis_3: Rgb(
                    (
                        98,
                        114,
                        164,
                    ),
                ),
            },
            table_title: StyleDeclaration {
                base: Rgb(
                    (
                        80,
                        250,
                        123,
                    ),
                ),
                background: EightBit(
                    0,
                ),
                emphasis_0: Rgb(
                    (
                        255,
                        184,
                        108,
                    ),
                ),
                emphasis_1: Rgb(
                    (
                        139,
                        233,
                        253,
                    ),
                ),
                emphasis_2: Rgb(
                    (
                        80,
                        250,
                        123,
                    ),
                ),
                emphasis_3: Rgb(
                    (
                        255,
                        121,
                        198,
                    ),
                ),
            },
            table_cell_unselected: StyleDeclaration {
                base: Rgb(
                    (
                        255,
                        255,
                        255,
                    ),
                ),
                background: Rgb(
                    (
                        0,
                        0,
                        0,
                    ),
                ),
                emphasis_0: Rgb(
                    (
                        255,
                        184,
                        108,
                    ),
                ),
                emphasis_1: Rgb(
                    (
                        139,
                        233,
                        253,
                    ),
                ),
                emphasis_2: Rgb(
                    (
                        80,
                        250,
                        123,
                    ),
                ),
                emphasis_3: Rgb(
                    (
                        255,
                        121,
                        198,
                    ),
                ),
            },
            table_cell_selected: StyleDeclaration {
                base: Rgb(
                    (
                        255,
                        255,
                        255,
                    ),
                ),
                background: Rgb(
                    (
                        40,
                        42,
                        54,
                    ),
                ),
                emphasis_0: Rgb(
                    (
                        255,
                        184,
                        108,
                    ),
                ),
                emphasis_1: Rgb(
                    (
                        139,
                        233,
                        253,
                    ),
                ),
                emphasis_2: Rgb(
                    (
                        80,
                        250,
                        123,
                    ),
                ),
                emphasis_3: Rgb(
                    (
                        255,
                        121,
                        198,
                    ),
                ),
            },
            list_unselected: StyleDeclaration {
                base: Rgb(
                    (
                        255,
                        255,
                        255,
                    ),
                ),
                background: Rgb(
                    (
                        0,
                        0,
                        0,
                    ),
                ),
                emphasis_0: Rgb(
                    (
                        255,
                        184,
                        108,
                    ),
                ),
                emphasis_1: Rgb(
                    (
                        139,
                        233,
                        253,
                    ),
                ),
                emphasis_2: Rgb(
                    (
                        80,
                        250,
                        123,
                    ),
                ),
                emphasis_3: Rgb(
                    (
                        255,
                        121,
                        198,
                    ),
                ),
            },
            list_selected: StyleDeclaration {
                base: Rgb(
                    (
                        255,
                        255,
                        255,
                    ),
                ),
                background: Rgb(
                    (
                        40,
                        42,
                        54,
                    ),
                ),
                emphasis_0: Rgb(
                    (
                        255,
                        184,
                        108,
                    ),
                ),
                emphasis_1: Rgb(
                    (
                        139,
                        233,
                        253,
                    ),
                ),
                emphasis_2: Rgb(
                    (
                        80,
                        250,
                        123,
                    ),
                ),
                emphasis_3: Rgb(
                    (
                        255,
                        121,
                        198,
                    ),
                ),
            },
            frame_unselected: None,
            frame_selected: StyleDeclaration {
                base: Rgb(
                    (
                        80,
                        250,
                        123,
                    ),
                ),
                background: EightBit(
                    0,
                ),
                emphasis_0: Rgb(
                    (
                        255,
                        184,
                        108,
                    ),
                ),
                emphasis_1: Rgb(
                    (
                        139,
                        233,
                        253,
                    ),
                ),
                emphasis_2: Rgb(
                    (
                        255,
                        121,
                        198,
                    ),
                ),
                emphasis_3: EightBit(
                    0,
                ),
            },
            frame_highlight: StyleDeclaration {
                base: Rgb(
                    (
                        255,
                        184,
                        108,
                    ),
                ),
                background: EightBit(
                    0,
                ),
                emphasis_0: Rgb(
                    (
                        255,
                        184,
                        108,
                    ),
                ),
                emphasis_1: Rgb(
                    (
                        255,
                        184,
                        108,
                    ),
                ),
                emphasis_2: Rgb(
                    (
                        255,
                        184,
                        108,
                    ),
                ),
                emphasis_3: Rgb(
                    (
                        255,
                        184,
                        108,
                    ),
                ),
            },
            exit_code_success: StyleDeclaration {
                base: Rgb(
                    (
                        80,
                        250,
                        123,
                    ),
                ),
                background: EightBit(
                    0,
                ),
                emphasis_0: Rgb(
                    (
                        139,
                        233,
                        253,
                    ),
                ),
                emphasis_1: Rgb(
                    (
                        0,
                        0,
                        0,
                    ),
                ),
                emphasis_2: Rgb(
                    (
                        255,
                        121,
                        198,
                    ),
                ),
                emphasis_3: Rgb(
                    (
                        98,
                        114,
                        164,
                    ),
                ),
            },
            exit_code_error: StyleDeclaration {
                base: Rgb(
                    (
                        255,
                        85,
                        85,
                    ),
                ),
                background: EightBit(
                    0,
                ),
                emphasis_0: Rgb(
                    (
                        241,
                        250,
                        140,
                    ),
                ),
                emphasis_1: EightBit(
                    0,
                ),
                emphasis_2: EightBit(
                    0,
                ),
                emphasis_3: EightBit(
                    0,
                ),
            },
            multiplayer_user_colors: MultiplayerColors {
                player_1: Rgb(
                    (
                        255,
                        121,
                        198,
                    ),
                ),
                player_2: Rgb(
                    (
                        98,
                        114,
                        164,
                    ),
                ),
                player_3: EightBit(
                    0,
                ),
                player_4: Rgb(
                    (
                        241,
                        250,
                        140,
                    ),
                ),
                player_5: Rgb(
                    (
                        139,
                        233,
                        253,
                    ),
                ),
                player_6: EightBit(
                    0,
                ),
                player_7: Rgb(
                    (
                        255,
                        85,
                        85,
                    ),
                ),
                player_8: EightBit(
                    0,
                ),
                player_9: EightBit(
                    0,
                ),
                player_10: EightBit(
                    0,
                ),
            },
        },
    },
}
