---
source: zellij-utils/src/session_serialization.rs
assertion_line: 1899
expression: kdl.0
---
layout {
    tab name="Tab with \"stacked panes\"" {
        pane size=12 stacked=true {
            pane
            pane expanded=true
            pane
        }
        pane size=10
        pane size=12 stacked=true {
            pane
            pane expanded=true
            pane
        }
    }
}

